// Jest Snapshot v1, https://goo.gl/fbAQLP

exports[`Should load screen render correctly 1`] = `
<div>
  <div
    class="cities__status-wrapper"
    style="background-image: url(../img/spinner.gif); background-size: 90px 70px;"
  >
    <b
      class="cities__status"
    >
      Loading...
    </b>
  </div>
</div>
`;
